// Vitest Snapshot v1, https://vitest.dev/guide/snapshot.html

exports[`tool auth metadata > pins the OAuth scope every tool asks for 1`] = `
{
  "luca_analytics_benchmark_consent": "luca:read",
  "luca_analytics_benchmarks": "luca:read",
  "luca_analytics_call_intelligence": "luca:read",
  "luca_analytics_call_intelligence_calls": "luca:read",
  "luca_analytics_content_attribution": "luca:read",
  "luca_analytics_content_performance": "luca:read",
  "luca_analytics_crm_sync_health": "luca:read",
  "luca_analytics_deep_dive": "luca:read",
  "luca_analytics_forecast": "luca:read",
  "luca_analytics_funnel": "luca:read",
  "luca_analytics_ghosted_leads": "luca:read",
  "luca_analytics_insights": "luca:read",
  "luca_analytics_lead_score": "luca:read",
  "luca_analytics_learning_insights": "luca:read",
  "luca_analytics_loss_reasons": "luca:read",
  "luca_analytics_magic_monday": "luca:read",
  "luca_analytics_objection_drilldown": "luca:read",
  "luca_analytics_objections": "luca:read",
  "luca_analytics_recommendations": "luca:read",
  "luca_analytics_revenue": "luca:read",
  "luca_analytics_rollup": "luca:read",
  "luca_analytics_speed_impact": "luca:read",
  "luca_analytics_topic_performance": "luca:read",
  "luca_analytics_trends": "luca:read",
  "luca_analytics_trust_score": "luca:read",
  "luca_approve_and_send": "luca:queue_ops",
  "luca_book_call": "luca:queue_ops",
  "luca_bookings_availability": "luca:read",
  "luca_bookings_brief": "luca:read",
  "luca_bookings_calendars_list": "luca:read",
  "luca_bookings_calendars_remove": "luca:queue_ops",
  "luca_bookings_calendars_select": "luca:queue_ops",
  "luca_bookings_cancel": "luca:queue_ops",
  "luca_bookings_create": "luca:queue_ops",
  "luca_bookings_get": "luca:read",
  "luca_bookings_guest_links_create": "luca:queue_ops",
  "luca_bookings_guest_links_revoke": "luca:queue_ops",
  "luca_bookings_lifecycle_attention": "luca:read",
  "luca_bookings_lifecycle_resolution": "luca:queue_ops",
  "luca_bookings_list": "luca:read",
  "luca_bookings_managed_availability": "luca:read",
  "luca_bookings_needs_outcome": "luca:read",
  "luca_bookings_outcome_get": "luca:read",
  "luca_bookings_outcome_history": "luca:read",
  "luca_bookings_outcome_reasons_create": "luca:queue_ops",
  "luca_bookings_outcome_reasons_list": "luca:read",
  "luca_bookings_outcome_reasons_update": "luca:queue_ops",
  "luca_bookings_outcome_record": "luca:queue_ops",
  "luca_bookings_provider_sync_retry": "luca:queue_ops",
  "luca_bookings_providers_get": "luca:read",
  "luca_bookings_providers_list": "luca:read",
  "luca_bookings_types_attendees": "luca:read",
  "luca_bookings_types_attendees_add": "luca:queue_ops",
  "luca_bookings_types_attendees_remove": "luca:queue_ops",
  "luca_bookings_types_create": "luca:queue_ops",
  "luca_bookings_types_delete": "luca:queue_ops",
  "luca_bookings_types_list": "luca:read",
  "luca_bookings_types_schedule": "luca:read",
  "luca_bookings_types_schedule_replace": "luca:queue_ops",
  "luca_bookings_types_update": "luca:queue_ops",
  "luca_bookings_update": "luca:queue_ops",
  "luca_broadcasts_approve": "luca:queue_ops",
  "luca_broadcasts_cancel": "luca:queue_ops",
  "luca_broadcasts_create": "luca:queue_ops",
  "luca_broadcasts_get": "luca:read",
  "luca_broadcasts_launch": "luca:queue_ops",
  "luca_broadcasts_list": "luca:read",
  "luca_broadcasts_pause": "luca:queue_ops",
  "luca_broadcasts_preview": "luca:queue_ops",
  "luca_broadcasts_retry": "luca:queue_ops",
  "luca_cadences_pause": "luca:queue_ops",
  "luca_cadences_rescue_start": "luca:queue_ops",
  "luca_call_events_backfill": "luca:draft",
  "luca_call_events_by_booking": "luca:read",
  "luca_call_events_by_lead": "luca:read",
  "luca_call_events_feedback": "luca:draft",
  "luca_call_events_get": "luca:read",
  "luca_call_events_needing_feedback": "luca:read",
  "luca_call_events_push_to_crm": "luca:queue_ops",
  "luca_call_events_summary_generate": "luca:draft",
  "luca_call_events_summary_replace": "luca:queue_ops",
  "luca_call_events_undo_outcome": "luca:draft",
  "luca_campaigns_analytics": "luca:read",
  "luca_campaigns_comment_events_list": "luca:read",
  "luca_campaigns_comment_simulation_suite_run": "luca:queue_ops",
  "luca_campaigns_create": "luca:queue_ops",
  "luca_campaigns_draft_update": "luca:queue_ops",
  "luca_campaigns_duplicate": "luca:queue_ops",
  "luca_campaigns_enroll": "luca:queue_ops",
  "luca_campaigns_enrollments_list": "luca:read",
  "luca_campaigns_enrollments_timeline": "luca:read",
  "luca_campaigns_generate": "luca:queue_ops",
  "luca_campaigns_get": "luca:read",
  "luca_campaigns_list": "luca:read",
  "luca_campaigns_provider_capabilities": "luca:read",
  "luca_campaigns_publish": "luca:queue_ops",
  "luca_campaigns_set_status": "luca:queue_ops",
  "luca_campaigns_simulations_create": "luca:queue_ops",
  "luca_campaigns_simulations_get": "luca:read",
  "luca_campaigns_simulations_list": "luca:read",
  "luca_campaigns_versions_list": "luca:read",
  "luca_capabilities_get": "luca:read",
  "luca_channels_catalog": "luca:read",
  "luca_channels_features": "luca:read",
  "luca_channels_get": "luca:read",
  "luca_channels_list": "luca:read",
  "luca_close_call_loop": "luca:queue_ops",
  "luca_coach_audit_log": "luca:read",
  "luca_coach_niche": "luca:read",
  "luca_coach_niche_profile": "luca:read",
  "luca_coach_objection_playbook": "luca:read",
  "luca_coach_post_call_crm_mapping": "luca:read",
  "luca_coach_post_call_deal_sync": "luca:read",
  "luca_coach_post_call_settings": "luca:read",
  "luca_coach_profile": "luca:read",
  "luca_conversations_get": "luca:read",
  "luca_conversations_list": "luca:read",
  "luca_conversations_messages": "luca:read",
  "luca_conversations_partial_send_retry": "luca:queue_ops",
  "luca_conversations_send": "luca:queue_ops",
  "luca_draft_reply": "luca:draft",
  "luca_find_leads": "luca:read",
  "luca_flag_for_human": "luca:draft",
  "luca_insights_dismiss": "luca:draft",
  "luca_insights_mark_actioned": "luca:draft",
  "luca_insights_mark_read": "luca:draft",
  "luca_insights_settings_get": "luca:read",
  "luca_insights_settings_update": "luca:draft",
  "luca_insights_unread_count": "luca:read",
  "luca_integrations_connectors_list": "luca:read",
  "luca_integrations_crm_connections_create": "luca:full",
  "luca_integrations_crm_connections_health": "luca:full",
  "luca_integrations_crm_connections_list": "luca:read",
  "luca_integrations_crm_connections_schema": "luca:read",
  "luca_integrations_crm_connections_webhooks_setup": "luca:full",
  "luca_integrations_crm_mappings_confirm": "luca:full",
  "luca_integrations_crm_mappings_suggest": "luca:full",
  "luca_integrations_crm_oauth_url": "luca:full",
  "luca_integrations_crm_sync_runs_create": "luca:full",
  "luca_integrations_crm_sync_runs_list": "luca:read",
  "luca_integrations_events_list": "luca:read",
  "luca_knowledge_approve_suggestion": "luca:queue_ops",
  "luca_knowledge_reject_suggestion": "luca:queue_ops",
  "luca_knowledge_sources_disconnect": "luca:queue_ops",
  "luca_knowledge_sources_list": "luca:read",
  "luca_knowledge_sources_sync": "luca:queue_ops",
  "luca_knowledge_suggestions": "luca:read",
  "luca_leads_consents_grant": "luca:queue_ops",
  "luca_leads_consents_revoke": "luca:draft",
  "luca_leads_create": "luca:draft",
  "luca_leads_draft": "luca:draft",
  "luca_leads_explain": "luca:read",
  "luca_leads_field_definitions_list": "luca:read",
  "luca_leads_field_definitions_upsert": "luca:draft",
  "luca_leads_get": "luca:read",
  "luca_leads_identities_attach": "luca:draft",
  "luca_leads_import_apply": "luca:queue_ops",
  "luca_leads_import_preview": "luca:draft",
  "luca_leads_list": "luca:read",
  "luca_leads_notes_add": "luca:draft",
  "luca_leads_notes_delete": "luca:draft",
  "luca_leads_update": "luca:draft",
  "luca_learning_ab_tests_get": "luca:read",
  "luca_learning_ab_tests_list": "luca:read",
  "luca_learning_framework_performance": "luca:read",
  "luca_learning_panel": "luca:read",
  "luca_learning_proposals_dismiss": "luca:draft",
  "luca_learning_proposals_list": "luca:read",
  "luca_memory_list": "luca:read",
  "luca_memory_set_archived": "luca:draft",
  "luca_memory_update": "luca:draft",
  "luca_morning_report": "luca:read",
  "luca_pause_cadence": "luca:queue_ops",
  "luca_post_call_queue": "luca:read",
  "luca_reports_morning": "luca:read",
  "luca_reports_scorecard": "luca:read",
  "luca_reschedule_call": "luca:queue_ops",
  "luca_rescue_silent_leads": "luca:queue_ops",
  "luca_review_queue_approve": "luca:queue_ops",
  "luca_review_queue_explain": "luca:read",
  "luca_review_queue_list": "luca:read",
  "luca_review_queue_media_retry": "luca:queue_ops",
  "luca_review_queue_objection_variant": "luca:queue_ops",
  "luca_review_queue_reject": "luca:queue_ops",
  "luca_review_queue_restore": "luca:queue_ops",
  "luca_review_queue_sla": "luca:read",
  "luca_safety_accounts": "luca:read",
  "luca_triage_inbox": "luca:read",
  "luca_usage_messages": "luca:read",
  "luca_usage_spend": "luca:read",
  "luca_voice_corpus": "luca:read",
  "luca_voice_profile": "luca:read",
  "luca_webhooks_deliveries_list": "luca:read",
  "luca_webhooks_deliveries_replay": "luca:full",
  "luca_webhooks_events_bulk_replay": "luca:full",
  "luca_webhooks_events_list": "luca:read",
  "luca_webhooks_events_replay": "luca:full",
  "luca_webhooks_signature_guide": "luca:read",
  "luca_webhooks_subscriptions_create": "luca:full",
  "luca_webhooks_subscriptions_delete": "luca:full",
  "luca_webhooks_subscriptions_list": "luca:read",
  "luca_webhooks_subscriptions_update": "luca:full",
  "luca_webhooks_test_delivery": "luca:full",
}
`;
